Resolving dependencies...
Downloading packages...
  _flutterfire_internals 1.3.63 (1.3.65 available)
  characters 1.4.0 (1.4.1 available)
  cloud_firestore 6.0.3 (6.1.1 available)
  cloud_firestore_platform_interface 7.0.3 (7.0.5 available)
  cloud_firestore_web 5.0.3 (5.1.1 available)
  cross_file 0.3.5 (0.3.5+1 available)
  file_selector_linux 0.9.3+2 (0.9.4 available)
  file_selector_macos 0.9.4+5 (0.9.5 available)
  file_selector_platform_interface 2.6.2 (2.7.0 available)
  file_selector_windows 0.9.3+4 (0.9.3+5 available)
  firebase_auth 6.1.1 (6.1.3 available)
  firebase_auth_platform_interface 8.1.3 (8.1.5 available)
  firebase_auth_web 6.0.4 (6.1.1 available)
  firebase_core 4.2.0 (4.3.0 available)
  firebase_core_web 3.2.0 (3.3.1 available)
  firebase_storage 13.0.3 (13.0.5 available)
  firebase_storage_platform_interface 5.2.14 (5.2.16 available)
  firebase_storage_web 3.10.21 (3.11.1 available)
  flutter_launcher_icons 0.13.1 (0.14.4 available)
  flutter_lints 5.0.0 (6.0.0 available)
  flutter_plugin_android_lifecycle 2.0.32 (2.0.33 available)
  flutter_svg 2.2.2 (2.2.3 available)
  geolocator 11.1.0 (14.0.2 available)
  geolocator_android 4.6.2 (5.0.2 available)
  geolocator_web 3.0.0 (4.1.3 available)
  get 4.7.2 (4.7.3 available)
  http 1.5.0 (1.6.0 available)
  image 4.5.4 (4.7.2 available)
  image_picker 1.2.0 (1.2.1 available)
  image_picker_android 0.8.13+7 (0.8.13+10 available)
  image_picker_for_web 3.1.0 (3.1.1 available)
  image_picker_ios 0.8.13+1 (0.8.13+3 available)
  intl 0.18.1 (0.20.2 available)
  lints 5.1.1 (6.0.0 available)
  matcher 0.12.17 (0.12.18 available)
  material_color_utilities 0.11.1 (0.13.0 available)
  path_provider_android 2.2.21 (2.2.22 available)
  path_provider_foundation 2.4.4 (2.5.1 available)
  shared_preferences 2.5.3 (2.5.4 available)
  shared_preferences_android 2.4.15 (2.4.18 available)
  shared_preferences_foundation 2.5.5 (2.5.6 available)
  table_calendar 3.0.9 (3.2.0 available)
  test_api 0.7.7 (0.7.8 available)
Got dependencies!
43 packages have newer versions incompatible with dependency constraints.
Try `flutter pub outdated` for more information.
00:00 +0: loading C:/Users/alvar/Desktop/Proyectos/running-laps/test/unit/earliest_completion_test.dart
00:00 +0 -1: loading C:/Users/alvar/Desktop/Proyectos/running-laps/test/unit/earliest_completion_test.dart [E]
  Failed to load "C:/Users/alvar/Desktop/Proyectos/running-laps/test/unit/earliest_completion_test.dart":
  Compilation failed for testPath=C:/Users/alvar/Desktop/Proyectos/running-laps/test/unit/earliest_completion_test.dart: test/unit/earliest_completion_test.dart:15:23: Error: Required named parameter 'periodKey' must be provided.
        return Challenge(
                        ^
  lib/features/groups/data/challenge_models.dart:104:9: Context: Found this candidate, but the arguments don't match.
    const Challenge({
          ^^^^^^^^^
  test/unit/earliest_completion_test.dart:50:11: Error: Method not found: 'Bloque'.
            Bloque(
            ^^^^^^
  test/unit/earliest_completion_test.dart:45:9: Error: No named parameter with the name 'uid'.
          uid: 'u1',
          ^^^
  lib/features/training/data/entrenamiento.dart:17:3: Context: Found this candidate, but the arguments don't match.
    Entrenamiento({
    ^^^^^^^^^^^^^
  lib/features/groups/data/challenge_calculator.dart:32:23: Error: The getter 'distanceM' isn't defined for the type 'Entrenamiento'.
   - 'Entrenamiento' is from 'package:running_laps/features/training/data/entrenamiento.dart' ('lib/features/training/data/entrenamiento.dart').
  Try correcting the name to the name of an existing getter, or defining a getter or field named 'distanceM'.
        final tDist = t.distanceM;
                        ^^^^^^^^^
  lib/features/groups/data/challenge_calculator.dart:33:23: Error: The getter 'timeSec' isn't defined for the type 'Entrenamiento'.
   - 'Entrenamiento' is from 'package:running_laps/features/training/data/entrenamiento.dart' ('lib/features/training/data/entrenamiento.dart').
  Try correcting the name to the name of an existing getter, or defining a getter or field named 'timeSec'.
        final tTime = t.timeSec.toDouble();
                        ^^^^^^^
  lib/features/groups/data/challenge_calculator.dart:74:59: Error: The getter 'timeSec' isn't defined for the type 'Entrenamiento'.
   - 'Entrenamiento' is from 'package:running_laps/features/training/data/entrenamiento.dart' ('lib/features/training/data/entrenamiento.dart').
  Try correcting the name to the name of an existing getter, or defining a getter or field named 'timeSec'.
            reachedGoalAt = t.fecha.add(Duration(seconds: t.timeSec));
                                                            ^^^^^^^
  .
00:00 +0 -1: Some tests failed.
